// Jest Snapshot v1, https://goo.gl/fbAQLP

exports[`Switch renders correctly 1`] = `
<DocumentFragment>
  .emotion-2 {
  display: inline-block;
  vertical-align: middle;
  line-height: normal;
}

.emotion-1 {
  display: -webkit-inline-box;
  display: -webkit-inline-flex;
  display: -ms-inline-flexbox;
  display: inline-flex;
  -webkit-flex-shrink: 0;
  -ms-flex-negative: 0;
  flex-shrink: 0;
  -webkit-box-pack: start;
  -webkit-justify-content: flex-start;
  -ms-flex-pack: start;
  justify-content: flex-start;
  box-sizing: content-box;
  cursor: pointer;
  border-radius: full;
  padding: 2px;
  -webkit-transition: all 120ms;
  transition: all 120ms;
  background: gray.300;
  width: 1.875rem;
  height: 1rem;
}

.emotion-1:focus,
.emotion-1[data-focus] {
  box-shadow: outline;
}

.emotion-1[disabled],
.emotion-1[disabled]:focus,
.emotion-1[disabled]:hover,
.emotion-1[aria-disabled=true],
.emotion-1[aria-disabled=true]:focus,
.emotion-1[aria-disabled=true]:hover,
.emotion-1[data-disabled],
.emotion-1[data-disabled]:focus,
.emotion-1[data-disabled]:hover {
  opacity: 0.4;
  cursor: not-allowed;
}

.emotion-1[aria-checked=true],
.emotion-1[data-checked] {
  background: blue.500;
}

.emotion-0 {
  background: white;
  -webkit-transition: -webkit-transform 250ms;
  -webkit-transition: transform 250ms;
  transition: transform 250ms;
  border-radius: full;
  -webkit-transform: translateX(0);
  -ms-transform: translateX(0);
  transform: translateX(0);
  width: 1rem;
  height: 1rem;
}

.emotion-0[aria-checked=true],
.emotion-0[data-checked] {
  -webkit-transform: translateX(0.875rem);
  -ms-transform: translateX(0.875rem);
  transform: translateX(0.875rem);
}

<label
    class="chakra-switch emotion-2"
  >
    <input
      class="chakra-switch__input"
      style="border: 0px; clip: rect(0px, 0px, 0px, 0px); height: 1px; width: 1px; margin: -1px; padding: 0px; overflow: hidden; white-space: nowrap; position: absolute;"
      type="checkbox"
      value=""
    />
    <span
      aria-hidden="true"
      class="chakra-switch__track emotion-1"
    >
      <span
        class="chakra-switch__thumb emotion-0"
      />
    </span>
  </label>
</DocumentFragment>
`;
