// Jest Snapshot v1, https://goo.gl/fbAQLP

exports[`should match snapshot 1`] = `
<DocumentFragment>
  .emotion-0 {
  cursor: text;
  display: inline-block;
  font-size: inherit;
  font-weight: inherit;
  text-align: inherit;
  background: transparent;
  border-radius: md;
  padding-top: 3px;
  padding-bottom: 3px;
  -webkit-transition: all 0.2s;
  transition: all 0.2s;
}

.emotion-1 {
  outline: 0;
  font-size: inherit;
  font-weight: inherit;
  text-align: inherit;
  background: transparent;
  border-radius: md;
  padding-top: 3px;
  padding-bottom: 3px;
  -webkit-transition: all 0.2s;
  transition: all 0.2s;
  width: full;
}

.emotion-1:focus,
.emotion-1[data-focus] {
  box-shadow: outline;
}

.emotion-1::-webkit-input-placeholder {
  opacity: 0.6;
}

.emotion-1::-moz-placeholder {
  opacity: 0.6;
}

.emotion-1:-ms-input-placeholder {
  opacity: 0.6;
}

.emotion-1::placeholder {
  opacity: 0.6;
}

<div
    class="chakra-editable emotion-2"
  >
    <span
      class="chakra-editable__preview emotion-0"
      data-testid="preview"
      tabindex="0"
    >
      testing
    </span>
    <input
      class="chakra-editable__input emotion-1"
      data-testid="input"
      hidden=""
      value="testing"
    />
  </div>
</DocumentFragment>
`;
