// Jest Snapshot v1, https://goo.gl/fbAQLP

exports[`accordion renders correctly 1`] = `
<DocumentFragment>
  .emotion-2 {
  border-top-width: 1px;
  border-color: inherit;
}

.emotion-2:last-of-type {
  border-bottom-width: 1px;
}

.emotion-0 {
  display: -webkit-box;
  display: -webkit-flex;
  display: -ms-flexbox;
  display: flex;
  -webkit-align-items: center;
  -webkit-box-align: center;
  -ms-flex-align: center;
  align-items: center;
  width: 100%;
  -webkit-transition: all 0.2s;
  transition: all 0.2s;
  outline: 0;
  font-size: 1rem;
  padding-left: 4px;
  padding-right: 4px;
  padding-top: 2px;
  padding-bottom: 2px;
}

.emotion-0:focus,
.emotion-0[data-focus] {
  box-shadow: outline;
}

.emotion-0:hover,
.emotion-0[data-hover] {
  background: blackAlpha.50;
}

.emotion-0[disabled],
.emotion-0[disabled]:focus,
.emotion-0[disabled]:hover,
.emotion-0[aria-disabled=true],
.emotion-0[aria-disabled=true]:focus,
.emotion-0[aria-disabled=true]:hover,
.emotion-0[data-disabled],
.emotion-0[data-disabled]:focus,
.emotion-0[data-disabled]:hover {
  opacity: 0.4;
  cursor: not-allowed;
}

.emotion-1 {
  padding-top: 2px;
  padding-left: 4px;
  padding-right: 4px;
  padding-bottom: 5px;
  -webkit-transition: height 150ms ease-in-out,opacity 150ms ease-in-out,-webkit-transform 150ms ease-in-out;
  -webkit-transition: height 150ms ease-in-out,opacity 150ms ease-in-out,transform 150ms ease-in-out;
  transition: height 150ms ease-in-out,opacity 150ms ease-in-out,transform 150ms ease-in-out;
}

<div
    class="chakra-accordion emotion-3"
  >
    <div
      class="chakra-accordion__item emotion-2"
    >
      <button
        aria-controls="accordion-panel-1"
        aria-expanded="false"
        class="chakra-accordion__button emotion-0"
        id="accordion-button-1"
      >
        Section 1 title
      </button>
      <div
        hidden=""
        id="collapse-mock"
      >
        <div
          aria-labelledby="accordion-button-1"
          class="chakra-accordion__panel emotion-1"
          id="accordion-panel-1"
          role="region"
        >
          Panel 1
        </div>
      </div>
    </div>
  </div>
</DocumentFragment>
`;
